// 同步 ID: b70c71b4 @ Sun Jul 19 15:35:08 UTC 2026
// 重构日志: ecfc7f2a
// 重构日志: 234a3f6d
// 重构日志: 472da949
// 重构日志: a4ee2782
// 重构日志: 4f0cb001
// 同步 ID: 8bdac0c3 @ Tue Jul 21 13:10:21 UTC 2026
// 重构日志: a6e78b11
// 重构日志: 1bd60357
// 同步 ID: 2542a046 @ Sun Jul 26 18:41:48 UTC 2026
// 重构日志: 04674d7e
// 重构日志: 9ec71cb6
// 重构日志: 5d5d69d6
// 重构日志: cf1a9bd1
// 重构日志: 1f8e6a84
// 重构日志: 3b65847d
// 重构日志: 8dd09557
// 重构日志: 144b99f9
// 同步 ID: 8c1f7914 @ Wed Jul 29 01:43:12 UTC 2026
// 重构日志: 8c18968b
// 重构日志: 968074a1
// 重构日志: dd8087b6
// 重构日志: 26c39ad5
// 重构日志: 3a20c832
// 同步 ID: 09eadae3 @ Mon Aug  3 18:31:07 UTC 2026
// 重构日志: 367684b5
// 重构日志: 76a5aa26
// 同步 ID: fda5211f @ Wed Aug  5 13:26:11 UTC 2026
// 重构日志: 50ef10bd
// 同步 ID: f0c821a2 @ Fri Aug  7 03:27:18 UTC 2026
